2026-06-29 16:22:39,109 [INFO] __main__: ===== Início da execução =====
2026-06-29 16:22:39,110 [INFO] __main__: Período definido: 30052026 até 30062026
2026-06-29 16:22:39,110 [DEBUG] asyncio: Using proactor: IocpProactor
2026-06-29 16:22:41,415 [DEBUG] __main__: Iniciando browser Chromium (headless=True)
2026-06-29 16:22:52,656 [INFO] __main__: Realizando login no CSW...
2026-06-29 16:22:52,657 [DEBUG] gerador_relatorio: Navegando para https://10.1.1.220/
2026-06-29 16:22:56,962 [DEBUG] gerador_relatorio: Aguardando campo de usuário...
2026-06-29 16:23:06,747 [DEBUG] gerador_relatorio: Aguardando campo de senha...
2026-06-29 16:23:06,943 [DEBUG] gerador_relatorio: Aguardando botão de login habilitar...
2026-06-29 16:23:07,044 [DEBUG] gerador_relatorio: Botão de login clicado, aguardando carregamento...
2026-06-29 16:23:07,072 [INFO] gerador_relatorio: Login realizado com sucesso.
2026-06-29 16:23:07,073 [INFO] __main__: Login concluído.
2026-06-29 16:23:07,073 [INFO] __main__: Interagindo com rotina GCFEPVC600...
2026-06-29 16:23:07,073 [INFO] gerador_relatorio: Início de interação com CSW (rotina=GCFEPVC600)
2026-06-29 16:23:08,128 [DEBUG] gerador_relatorio: Clicando no item da barra lateral...
2026-06-29 16:23:14,012 [DEBUG] gerador_relatorio: Digitando código da rotina: GCFEPVC600
2026-06-29 16:23:18,165 [DEBUG] gerador_relatorio: Digitando data inicial: 30052026
2026-06-29 16:23:19,220 [DEBUG] gerador_relatorio: Digitando data final: 30062026
2026-06-29 16:23:24,427 [DEBUG] gerador_relatorio: Aguardando 20s pelo carregamento do relatório...
2026-06-29 16:23:44,428 [DEBUG] gerador_relatorio: Abrindo menu de exportação...
2026-06-29 16:23:46,425 [DEBUG] gerador_relatorio: Clicando em 'Exportar em Excel' e aguardando download...
2026-06-29 16:23:49,303 [INFO] gerador_relatorio: Download salvo em: C:\Windows\System32\Pedidos 30052026 ate 30062026.xlsx
2026-06-29 16:23:49,304 [INFO] __main__: Arquivo gerado: Pedidos 30052026 ate 30062026
2026-06-29 16:23:49,716 [DEBUG] __main__: Browser encerrado.
2026-06-29 16:23:49,753 [INFO] __main__: Enviando e-mail via Power Automate...
2026-06-29 16:23:49,754 [DEBUG] notificador: Caminho do arquivo a anexar: C:\Windows\System32\Pedidos 30052026 ate 30062026.xlsx
2026-06-29 16:23:49,755 [DEBUG] notificador: Tamanho do arquivo: 461459 bytes
2026-06-29 16:23:49,780 [INFO] notificador: Chamando fluxo do Power Automate (Pedidos 30052026 ate 30062026.xlsx)...
2026-06-29 16:23:49,789 [DEBUG] urllib3.connectionpool: Starting new HTTPS connection (1): defaultb7f3605f39a14aabb5439a95209807.57.environment.api.powerplatform.com:443
2026-06-29 16:23:51,079 [DEBUG] urllib3.connectionpool: https://defaultb7f3605f39a14aabb5439a95209807.57.environment.api.powerplatform.com:443 "POST /powerautomate/automations/direct/workflows/31ecaf4e17bc4e03a8b0de2167232188/triggers/manual/paths/invoke?api-version=1&sp=%2Ftriggers%2Fmanual%2Frun&sv=1.0&sig=xYB4HKq2K6xcOhKpIoua03ju_QmKNGwHI0RWY72Jki8 HTTP/1.1" 202 0
2026-06-29 16:23:51,082 [DEBUG] notificador: Status HTTP retornado pelo Power Automate: 202
2026-06-29 16:23:51,084 [DEBUG] notificador: Corpo da resposta: 
2026-06-29 16:23:51,084 [INFO] notificador: E-mail solicitado ao Power Automate com sucesso.
2026-06-29 16:23:51,087 [INFO] __main__: E-mail enviado com sucesso.
2026-06-29 16:23:51,087 [INFO] __main__: ===== Fim da execução =====
2026-06-30 15:10:01,377 [INFO] __main__: ===== Início da execução =====
2026-06-30 15:10:01,378 [INFO] __main__: Período definido: 31052026 até 01072026
2026-06-30 15:10:01,378 [DEBUG] asyncio: Using proactor: IocpProactor
2026-06-30 15:10:02,706 [DEBUG] __main__: Iniciando browser Chromium (headless=True)
2026-06-30 15:10:09,278 [INFO] __main__: Realizando login no CSW...
2026-06-30 15:10:09,278 [DEBUG] gerador_relatorio: Navegando para https://10.1.1.220/
2026-06-30 15:10:14,044 [DEBUG] gerador_relatorio: Aguardando campo de usuário...
2026-06-30 15:10:22,182 [DEBUG] gerador_relatorio: Aguardando campo de senha...
2026-06-30 15:10:22,312 [DEBUG] gerador_relatorio: Aguardando botão de login habilitar...
2026-06-30 15:10:22,374 [DEBUG] gerador_relatorio: Botão de login clicado, aguardando carregamento...
2026-06-30 15:10:22,396 [INFO] gerador_relatorio: Login realizado com sucesso.
2026-06-30 15:10:22,396 [INFO] __main__: Login concluído.
2026-06-30 15:10:22,396 [INFO] __main__: Interagindo com rotina GCFEPVC600...
2026-06-30 15:10:22,397 [INFO] gerador_relatorio: Início de interação com CSW (rotina=GCFEPVC600)
2026-06-30 15:10:23,450 [DEBUG] gerador_relatorio: Clicando no item da barra lateral...
2026-06-30 15:10:28,715 [DEBUG] gerador_relatorio: Digitando código da rotina: GCFEPVC600
2026-06-30 15:10:32,852 [DEBUG] gerador_relatorio: Digitando data inicial: 31052026
2026-06-30 15:10:33,909 [DEBUG] gerador_relatorio: Digitando data final: 01072026
2026-06-30 15:10:39,014 [DEBUG] gerador_relatorio: Aguardando 20s pelo carregamento do relatório...
2026-06-30 15:10:59,015 [DEBUG] gerador_relatorio: Abrindo menu de exportação...
2026-06-30 15:11:02,019 [DEBUG] gerador_relatorio: Clicando em 'Exportar em Excel' e aguardando download...
2026-06-30 15:11:04,633 [INFO] gerador_relatorio: Download salvo em: C:\Automacoes\Gerador_Relatorio_Pedidos\reports\Pedidos 31052026 ate 01072026.xlsx
2026-06-30 15:11:04,634 [INFO] __main__: Arquivo gerado: Pedidos 31052026 ate 01072026
2026-06-30 15:11:04,883 [DEBUG] __main__: Browser encerrado.
2026-06-30 15:11:04,912 [INFO] __main__: Enviando e-mail via Power Automate...
2026-06-30 15:11:04,913 [DEBUG] notificador: Caminho do arquivo a anexar: C:\Automacoes\Gerador_Relatorio_Pedidos\reports\Pedidos 31052026 ate 01072026.xlsx
2026-06-30 15:11:04,914 [DEBUG] notificador: Tamanho do arquivo: 486282 bytes
2026-06-30 15:11:04,939 [INFO] notificador: Chamando fluxo do Power Automate (Pedidos 31052026 ate 01072026.xlsx)...
2026-06-30 15:11:04,947 [DEBUG] urllib3.connectionpool: Starting new HTTPS connection (1): defaultb7f3605f39a14aabb5439a95209807.57.environment.api.powerplatform.com:443
2026-06-30 15:11:06,097 [DEBUG] urllib3.connectionpool: https://defaultb7f3605f39a14aabb5439a95209807.57.environment.api.powerplatform.com:443 "POST /powerautomate/automations/direct/workflows/31ecaf4e17bc4e03a8b0de2167232188/triggers/manual/paths/invoke?api-version=1&sp=%2Ftriggers%2Fmanual%2Frun&sv=1.0&sig=xYB4HKq2K6xcOhKpIoua03ju_QmKNGwHI0RWY72Jki8 HTTP/1.1" 202 0
2026-06-30 15:11:06,098 [DEBUG] notificador: Status HTTP retornado pelo Power Automate: 202
2026-06-30 15:11:06,098 [DEBUG] notificador: Corpo da resposta: 
2026-06-30 15:11:06,098 [INFO] notificador: E-mail solicitado ao Power Automate com sucesso.
2026-06-30 15:11:06,101 [INFO] __main__: E-mail enviado com sucesso.
2026-06-30 15:11:06,101 [INFO] __main__: ===== Fim da execução =====
2026-07-01 15:10:01,365 [INFO] __main__: ===== Início da execução =====
2026-07-01 15:10:01,366 [INFO] __main__: Período definido: 01062026 até 02072026
2026-07-01 15:10:01,367 [DEBUG] asyncio: Using proactor: IocpProactor
2026-07-01 15:10:02,692 [DEBUG] __main__: Iniciando browser Chromium (headless=True)
2026-07-01 15:10:07,190 [INFO] __main__: Realizando login no CSW...
2026-07-01 15:10:07,193 [DEBUG] gerador_relatorio: Navegando para https://10.1.1.220/
2026-07-01 15:10:11,706 [DEBUG] gerador_relatorio: Aguardando campo de usuário...
2026-07-01 15:10:21,772 [DEBUG] gerador_relatorio: Aguardando campo de senha...
2026-07-01 15:10:21,884 [DEBUG] gerador_relatorio: Aguardando botão de login habilitar...
2026-07-01 15:10:21,954 [DEBUG] gerador_relatorio: Botão de login clicado, aguardando carregamento...
2026-07-01 15:10:21,976 [INFO] gerador_relatorio: Login realizado com sucesso.
2026-07-01 15:10:21,976 [INFO] __main__: Login concluído.
2026-07-01 15:10:21,976 [INFO] __main__: Interagindo com rotina GCFEPVC600...
2026-07-01 15:10:21,976 [INFO] gerador_relatorio: Início de interação com CSW (rotina=GCFEPVC600)
2026-07-01 15:10:23,042 [DEBUG] gerador_relatorio: Clicando no item da barra lateral...
2026-07-01 15:10:28,360 [DEBUG] gerador_relatorio: Digitando código da rotina: GCFEPVC600
2026-07-01 15:10:32,578 [DEBUG] gerador_relatorio: Digitando data inicial: 01062026
2026-07-01 15:10:33,636 [DEBUG] gerador_relatorio: Digitando data final: 02072026
2026-07-01 15:10:38,765 [DEBUG] gerador_relatorio: Aguardando 20s pelo carregamento do relatório...
2026-07-01 15:10:58,766 [DEBUG] gerador_relatorio: Abrindo menu de exportação...
2026-07-01 15:11:03,322 [DEBUG] gerador_relatorio: Clicando em 'Exportar em Excel' e aguardando download...
2026-07-01 15:11:05,736 [INFO] gerador_relatorio: Download salvo em: C:\Automacoes\Gerador_Relatorio_Pedidos\reports\Pedidos 01062026 ate 02072026.xlsx
2026-07-01 15:11:05,736 [INFO] __main__: Arquivo gerado: Pedidos 01062026 ate 02072026
2026-07-01 15:11:05,976 [DEBUG] __main__: Browser encerrado.
2026-07-01 15:11:06,004 [INFO] __main__: Enviando e-mail via Power Automate...
2026-07-01 15:11:06,005 [DEBUG] notificador: Caminho do arquivo a anexar: C:\Automacoes\Gerador_Relatorio_Pedidos\reports\Pedidos 01062026 ate 02072026.xlsx
2026-07-01 15:11:06,005 [DEBUG] notificador: Tamanho do arquivo: 501346 bytes
2026-07-01 15:11:06,043 [INFO] notificador: Chamando fluxo do Power Automate (Pedidos 01062026 ate 02072026.xlsx)...
2026-07-01 15:11:06,054 [DEBUG] urllib3.connectionpool: Starting new HTTPS connection (1): defaultb7f3605f39a14aabb5439a95209807.57.environment.api.powerplatform.com:443
2026-07-01 15:11:07,237 [DEBUG] urllib3.connectionpool: https://defaultb7f3605f39a14aabb5439a95209807.57.environment.api.powerplatform.com:443 "POST /powerautomate/automations/direct/workflows/31ecaf4e17bc4e03a8b0de2167232188/triggers/manual/paths/invoke?api-version=1&sp=%2Ftriggers%2Fmanual%2Frun&sv=1.0&sig=xYB4HKq2K6xcOhKpIoua03ju_QmKNGwHI0RWY72Jki8 HTTP/1.1" 202 0
2026-07-01 15:11:07,238 [DEBUG] notificador: Status HTTP retornado pelo Power Automate: 202
2026-07-01 15:11:07,238 [DEBUG] notificador: Corpo da resposta: 
2026-07-01 15:11:07,238 [INFO] notificador: E-mail solicitado ao Power Automate com sucesso.
2026-07-01 15:11:07,241 [INFO] __main__: E-mail enviado com sucesso.
2026-07-01 15:11:07,241 [INFO] __main__: ===== Fim da execução =====
2026-07-02 15:10:01,473 [INFO] __main__: ===== Início da execução =====
2026-07-02 15:10:01,473 [INFO] __main__: Período definido: 02062026 até 03072026
2026-07-02 15:10:01,474 [DEBUG] asyncio: Using proactor: IocpProactor
2026-07-02 15:10:02,771 [DEBUG] __main__: Iniciando browser Chromium (headless=True)
2026-07-02 15:10:06,513 [INFO] __main__: Realizando login no CSW...
2026-07-02 15:10:06,516 [DEBUG] gerador_relatorio: Navegando para https://10.1.1.220/
2026-07-02 15:10:11,025 [DEBUG] gerador_relatorio: Aguardando campo de usuário...
2026-07-02 15:10:20,734 [DEBUG] gerador_relatorio: Aguardando campo de senha...
2026-07-02 15:10:20,840 [DEBUG] gerador_relatorio: Aguardando botão de login habilitar...
2026-07-02 15:10:20,935 [DEBUG] gerador_relatorio: Botão de login clicado, aguardando carregamento...
2026-07-02 15:10:20,960 [INFO] gerador_relatorio: Login realizado com sucesso.
2026-07-02 15:10:20,960 [INFO] __main__: Login concluído.
2026-07-02 15:10:20,960 [INFO] __main__: Interagindo com rotina GCFEPVC600...
2026-07-02 15:10:20,960 [INFO] gerador_relatorio: Início de interação com CSW (rotina=GCFEPVC600)
2026-07-02 15:10:22,016 [DEBUG] gerador_relatorio: Clicando no item da barra lateral...
2026-07-02 15:10:27,321 [DEBUG] gerador_relatorio: Digitando código da rotina: GCFEPVC600
2026-07-02 15:10:31,465 [DEBUG] gerador_relatorio: Digitando data inicial: 02062026
2026-07-02 15:10:32,524 [DEBUG] gerador_relatorio: Digitando data final: 03072026
2026-07-02 15:10:37,630 [DEBUG] gerador_relatorio: Aguardando 20s pelo carregamento do relatório...
2026-07-02 15:10:57,630 [DEBUG] gerador_relatorio: Abrindo menu de exportação...
2026-07-02 15:11:01,276 [DEBUG] gerador_relatorio: Clicando em 'Exportar em Excel' e aguardando download...
2026-07-02 15:11:04,008 [INFO] gerador_relatorio: Download salvo em: C:\Automacoes\Gerador_Relatorio_Pedidos\reports\Pedidos 02062026 ate 03072026.xlsx
2026-07-02 15:11:04,010 [INFO] __main__: Arquivo gerado: Pedidos 02062026 ate 03072026
2026-07-02 15:11:04,255 [DEBUG] __main__: Browser encerrado.
2026-07-02 15:11:04,284 [INFO] __main__: Enviando e-mail via Power Automate...
2026-07-02 15:11:04,285 [DEBUG] notificador: Caminho do arquivo a anexar: C:\Automacoes\Gerador_Relatorio_Pedidos\reports\Pedidos 02062026 ate 03072026.xlsx
2026-07-02 15:11:04,286 [DEBUG] notificador: Tamanho do arquivo: 506692 bytes
2026-07-02 15:11:04,312 [INFO] notificador: Chamando fluxo do Power Automate (Pedidos 02062026 ate 03072026.xlsx)...
2026-07-02 15:11:04,319 [DEBUG] urllib3.connectionpool: Starting new HTTPS connection (1): defaultb7f3605f39a14aabb5439a95209807.57.environment.api.powerplatform.com:443
2026-07-02 15:11:05,943 [DEBUG] urllib3.connectionpool: https://defaultb7f3605f39a14aabb5439a95209807.57.environment.api.powerplatform.com:443 "POST /powerautomate/automations/direct/workflows/31ecaf4e17bc4e03a8b0de2167232188/triggers/manual/paths/invoke?api-version=1&sp=%2Ftriggers%2Fmanual%2Frun&sv=1.0&sig=xYB4HKq2K6xcOhKpIoua03ju_QmKNGwHI0RWY72Jki8 HTTP/1.1" 202 0
2026-07-02 15:11:05,944 [DEBUG] notificador: Status HTTP retornado pelo Power Automate: 202
2026-07-02 15:11:05,944 [DEBUG] notificador: Corpo da resposta: 
2026-07-02 15:11:05,945 [INFO] notificador: E-mail solicitado ao Power Automate com sucesso.
2026-07-02 15:11:05,948 [INFO] __main__: E-mail enviado com sucesso.
2026-07-02 15:11:05,949 [INFO] __main__: ===== Fim da execução =====
2026-07-03 15:10:01,524 [INFO] __main__: ===== Início da execução =====
2026-07-03 15:10:01,525 [INFO] __main__: Período definido: 03062026 até 04072026
2026-07-03 15:10:01,525 [DEBUG] asyncio: Using proactor: IocpProactor
2026-07-03 15:10:02,855 [DEBUG] __main__: Iniciando browser Chromium (headless=True)
2026-07-03 15:10:07,576 [INFO] __main__: Realizando login no CSW...
2026-07-03 15:10:07,581 [DEBUG] gerador_relatorio: Navegando para https://10.1.1.220/
2026-07-03 15:10:12,115 [DEBUG] gerador_relatorio: Aguardando campo de usuário...
2026-07-03 15:10:21,441 [DEBUG] gerador_relatorio: Aguardando campo de senha...
2026-07-03 15:10:21,560 [DEBUG] gerador_relatorio: Aguardando botão de login habilitar...
2026-07-03 15:10:21,626 [DEBUG] gerador_relatorio: Botão de login clicado, aguardando carregamento...
2026-07-03 15:10:21,630 [INFO] gerador_relatorio: Login realizado com sucesso.
2026-07-03 15:10:21,630 [INFO] __main__: Login concluído.
2026-07-03 15:10:21,630 [INFO] __main__: Interagindo com rotina GCFEPVC600...
2026-07-03 15:10:21,630 [INFO] gerador_relatorio: Início de interação com CSW (rotina=GCFEPVC600)
2026-07-03 15:10:22,679 [DEBUG] gerador_relatorio: Clicando no item da barra lateral...
2026-07-03 15:10:28,326 [DEBUG] gerador_relatorio: Digitando código da rotina: GCFEPVC600
2026-07-03 15:10:32,466 [DEBUG] gerador_relatorio: Digitando data inicial: 03062026
2026-07-03 15:10:33,537 [DEBUG] gerador_relatorio: Digitando data final: 04072026
2026-07-03 15:10:38,666 [DEBUG] gerador_relatorio: Aguardando 20s pelo carregamento do relatório...
2026-07-03 15:10:58,667 [DEBUG] gerador_relatorio: Abrindo menu de exportação...
2026-07-03 15:11:02,838 [DEBUG] gerador_relatorio: Clicando em 'Exportar em Excel' e aguardando download...
2026-07-03 15:11:05,413 [INFO] gerador_relatorio: Download salvo em: C:\Automacoes\Gerador_Relatorio_Pedidos\reports\Pedidos 03062026 ate 04072026.xlsx
2026-07-03 15:11:05,414 [INFO] __main__: Arquivo gerado: Pedidos 03062026 ate 04072026
2026-07-03 15:11:05,659 [DEBUG] __main__: Browser encerrado.
2026-07-03 15:11:05,689 [INFO] __main__: Enviando e-mail via Power Automate...
2026-07-03 15:11:05,689 [DEBUG] notificador: Caminho do arquivo a anexar: C:\Automacoes\Gerador_Relatorio_Pedidos\reports\Pedidos 03062026 ate 04072026.xlsx
2026-07-03 15:11:05,690 [DEBUG] notificador: Tamanho do arquivo: 514231 bytes
2026-07-03 15:11:05,716 [INFO] notificador: Chamando fluxo do Power Automate (Pedidos 03062026 ate 04072026.xlsx)...
2026-07-03 15:11:05,723 [DEBUG] urllib3.connectionpool: Starting new HTTPS connection (1): defaultb7f3605f39a14aabb5439a95209807.57.environment.api.powerplatform.com:443
2026-07-03 15:11:06,922 [DEBUG] urllib3.connectionpool: https://defaultb7f3605f39a14aabb5439a95209807.57.environment.api.powerplatform.com:443 "POST /powerautomate/automations/direct/workflows/31ecaf4e17bc4e03a8b0de2167232188/triggers/manual/paths/invoke?api-version=1&sp=%2Ftriggers%2Fmanual%2Frun&sv=1.0&sig=xYB4HKq2K6xcOhKpIoua03ju_QmKNGwHI0RWY72Jki8 HTTP/1.1" 202 0
2026-07-03 15:11:06,923 [DEBUG] notificador: Status HTTP retornado pelo Power Automate: 202
2026-07-03 15:11:06,923 [DEBUG] notificador: Corpo da resposta: 
2026-07-03 15:11:06,923 [INFO] notificador: E-mail solicitado ao Power Automate com sucesso.
2026-07-03 15:11:06,925 [INFO] __main__: E-mail enviado com sucesso.
2026-07-03 15:11:06,926 [INFO] __main__: ===== Fim da execução =====
2026-07-06 15:10:01,627 [INFO] __main__: ===== Início da execução =====
2026-07-06 15:10:01,628 [INFO] __main__: Período definido: 06062026 até 07072026
2026-07-06 15:10:01,630 [DEBUG] asyncio: Using proactor: IocpProactor
2026-07-06 15:10:02,991 [DEBUG] __main__: Iniciando browser Chromium (headless=True)
2026-07-06 15:10:07,513 [INFO] __main__: Realizando login no CSW...
2026-07-06 15:10:07,514 [DEBUG] gerador_relatorio: Navegando para https://10.1.1.220/
2026-07-06 15:10:12,148 [DEBUG] gerador_relatorio: Aguardando campo de usuário...
2026-07-06 15:10:21,809 [DEBUG] gerador_relatorio: Aguardando campo de senha...
2026-07-06 15:10:21,935 [DEBUG] gerador_relatorio: Aguardando botão de login habilitar...
2026-07-06 15:10:22,011 [DEBUG] gerador_relatorio: Botão de login clicado, aguardando carregamento...
2026-07-06 15:10:22,039 [INFO] gerador_relatorio: Login realizado com sucesso.
2026-07-06 15:10:22,039 [INFO] __main__: Login concluído.
2026-07-06 15:10:22,040 [INFO] __main__: Interagindo com rotina GCFEPVC600...
2026-07-06 15:10:22,040 [INFO] gerador_relatorio: Início de interação com CSW (rotina=GCFEPVC600)
2026-07-06 15:10:23,097 [DEBUG] gerador_relatorio: Clicando no item da barra lateral...
2026-07-06 15:10:28,879 [DEBUG] gerador_relatorio: Digitando código da rotina: GCFEPVC600
2026-07-06 15:10:33,022 [DEBUG] gerador_relatorio: Digitando data inicial: 06062026
2026-07-06 15:10:34,077 [DEBUG] gerador_relatorio: Digitando data final: 07072026
2026-07-06 15:10:39,179 [DEBUG] gerador_relatorio: Aguardando 20s pelo carregamento do relatório...
2026-07-06 15:10:59,179 [DEBUG] gerador_relatorio: Abrindo menu de exportação...
2026-07-06 15:11:03,207 [DEBUG] gerador_relatorio: Clicando em 'Exportar em Excel' e aguardando download...
2026-07-06 15:11:06,160 [INFO] gerador_relatorio: Download salvo em: C:\Automacoes\Gerador_Relatorio_Pedidos\reports\Pedidos 06062026 ate 07072026.xlsx
2026-07-06 15:11:06,161 [INFO] __main__: Arquivo gerado: Pedidos 06062026 ate 07072026
2026-07-06 15:11:06,403 [DEBUG] __main__: Browser encerrado.
2026-07-06 15:11:06,434 [INFO] __main__: Enviando e-mail via Power Automate...
2026-07-06 15:11:06,434 [DEBUG] notificador: Caminho do arquivo a anexar: C:\Automacoes\Gerador_Relatorio_Pedidos\reports\Pedidos 06062026 ate 07072026.xlsx
2026-07-06 15:11:06,435 [DEBUG] notificador: Tamanho do arquivo: 502697 bytes
2026-07-06 15:11:06,463 [INFO] notificador: Chamando fluxo do Power Automate (Pedidos 06062026 ate 07072026.xlsx)...
2026-07-06 15:11:06,470 [DEBUG] urllib3.connectionpool: Starting new HTTPS connection (1): defaultb7f3605f39a14aabb5439a95209807.57.environment.api.powerplatform.com:443
2026-07-06 15:11:07,654 [DEBUG] urllib3.connectionpool: https://defaultb7f3605f39a14aabb5439a95209807.57.environment.api.powerplatform.com:443 "POST /powerautomate/automations/direct/workflows/31ecaf4e17bc4e03a8b0de2167232188/triggers/manual/paths/invoke?api-version=1&sp=%2Ftriggers%2Fmanual%2Frun&sv=1.0&sig=xYB4HKq2K6xcOhKpIoua03ju_QmKNGwHI0RWY72Jki8 HTTP/1.1" 202 0
2026-07-06 15:11:07,657 [DEBUG] notificador: Status HTTP retornado pelo Power Automate: 202
2026-07-06 15:11:07,657 [DEBUG] notificador: Corpo da resposta: 
2026-07-06 15:11:07,658 [INFO] notificador: E-mail solicitado ao Power Automate com sucesso.
2026-07-06 15:11:07,660 [INFO] __main__: E-mail enviado com sucesso.
2026-07-06 15:11:07,660 [INFO] __main__: ===== Fim da execução =====
2026-07-07 15:10:01,597 [INFO] __main__: ===== Início da execução =====
2026-07-07 15:10:01,598 [INFO] __main__: Período definido: 07062026 até 08072026
2026-07-07 15:10:01,598 [DEBUG] asyncio: Using proactor: IocpProactor
2026-07-07 15:10:03,202 [DEBUG] __main__: Iniciando browser Chromium (headless=True)
2026-07-07 15:10:07,580 [INFO] __main__: Realizando login no CSW...
2026-07-07 15:10:07,581 [DEBUG] gerador_relatorio: Navegando para https://10.1.1.220/
2026-07-07 15:10:12,106 [DEBUG] gerador_relatorio: Aguardando campo de usuário...
2026-07-07 15:10:22,492 [DEBUG] gerador_relatorio: Aguardando campo de senha...
2026-07-07 15:10:22,625 [DEBUG] gerador_relatorio: Aguardando botão de login habilitar...
2026-07-07 15:10:22,699 [DEBUG] gerador_relatorio: Botão de login clicado, aguardando carregamento...
2026-07-07 15:10:22,721 [INFO] gerador_relatorio: Login realizado com sucesso.
2026-07-07 15:10:22,722 [INFO] __main__: Login concluído.
2026-07-07 15:10:22,724 [INFO] __main__: Interagindo com rotina GCFEPVC600...
2026-07-07 15:10:22,724 [INFO] gerador_relatorio: Início de interação com CSW (rotina=GCFEPVC600)
2026-07-07 15:10:23,789 [DEBUG] gerador_relatorio: Clicando no item da barra lateral...
2026-07-07 15:10:29,138 [DEBUG] gerador_relatorio: Digitando código da rotina: GCFEPVC600
2026-07-07 15:10:33,277 [DEBUG] gerador_relatorio: Digitando data inicial: 07062026
2026-07-07 15:10:34,330 [DEBUG] gerador_relatorio: Digitando data final: 08072026
2026-07-07 15:10:39,454 [DEBUG] gerador_relatorio: Aguardando 20s pelo carregamento do relatório...
2026-07-07 15:10:59,454 [DEBUG] gerador_relatorio: Abrindo menu de exportação...
2026-07-07 15:11:04,733 [ERROR] __main__: Falha na execução do RPA.
Traceback (most recent call last):
  File "C:\Automacoes\Gerador_Relatorio_Pedidos\main.py", line 51, in main
    relatorio, nome_relatorio = interagir_csw(page, "GCFEPVC600", data_inicial, data_final)
                                ~~~~~~~~~~~~~^^^^^^^^^^^^^^^^^^^^^^^^^^^^^^^^^^^^^^^^^^^^^^
  File "C:\Automacoes\Gerador_Relatorio_Pedidos\gerador_relatorio.py", line 131, in interagir_csw
    botao_exportar.click(timeout=5000, no_wait_after=True)
    ~~~~~~~~~~~~~~~~~~~~^^^^^^^^^^^^^^^^^^^^^^^^^^^^^^^^^^
  File "C:\Program Files\Python314\Lib\site-packages\playwright\sync_api\_generated.py", line 15631, in click
    self._sync(
    ~~~~~~~~~~^
        self._impl_obj.click(
        ^^^^^^^^^^^^^^^^^^^^^
    ...<10 lines>...
        )
        ^
    )
    ^
  File "C:\Program Files\Python314\Lib\site-packages\playwright\_impl\_sync_base.py", line 115, in _sync
    return task.result()
           ~~~~~~~~~~~^^
  File "C:\Program Files\Python314\Lib\site-packages\playwright\_impl\_locator.py", line 162, in click
    return await self._frame._click(self._selector, strict=True, **params)
           ^^^^^^^^^^^^^^^^^^^^^^^^^^^^^^^^^^^^^^^^^^^^^^^^^^^^^^^^^^^^^^^
  File "C:\Program Files\Python314\Lib\site-packages\playwright\_impl\_frame.py", line 566, in _click
    await self._channel.send("click", self._timeout, locals_to_params(locals()))
  File "C:\Program Files\Python314\Lib\site-packages\playwright\_impl\_connection.py", line 69, in send
    return await self._connection.wrap_api_call(
           ^^^^^^^^^^^^^^^^^^^^^^^^^^^^^^^^^^^^^
    ...<3 lines>...
    )
    ^
  File "C:\Program Files\Python314\Lib\site-packages\playwright\_impl\_connection.py", line 559, in wrap_api_call
    raise rewrite_error(error, f"{parsed_st['apiName']}: {error}") from None
playwright._impl._errors.TimeoutError: Locator.click: Timeout 5000ms exceeded.
Call log:
  - waiting for locator(".ui.bottom.attached.segment.active.tab").locator("button:has(i.share.square.icon)").last
    - locator resolved to <button disabled tabindex="-1" class="ui mini compact icon disabled button">…</button>
  - attempting click action
    2 × waiting for element to be visible, enabled and stable
      - element is not enabled
    - retrying click action
    - waiting 20ms
    2 × waiting for element to be visible, enabled and stable
      - element is not enabled
    - retrying click action
      - waiting 100ms
    9 × waiting for element to be visible, enabled and stable
      - element is not enabled
    - retrying click action
      - waiting 500ms

2026-07-07 16:00:07,732 [INFO] __main__: ===== Início da execução =====
2026-07-07 16:00:07,745 [INFO] __main__: Período definido: 07062026 até 08072026
2026-07-07 16:00:07,757 [DEBUG] asyncio: Using proactor: IocpProactor
2026-07-07 16:00:20,468 [DEBUG] __main__: Iniciando browser Chromium (headless=True)
2026-07-07 16:00:37,517 [INFO] __main__: Realizando login no CSW...
2026-07-07 16:00:37,529 [DEBUG] gerador_relatorio: Navegando para https://10.1.1.220/
2026-07-07 16:00:42,992 [DEBUG] gerador_relatorio: Aguardando campo de usuário...
2026-07-07 16:01:14,959 [ERROR] __main__: Falha na execução do RPA.
Traceback (most recent call last):
  File "C:\Automacoes\Gerador_Relatorio_Pedidos\main.py", line 47, in main
    fazer_login(page)
    ~~~~~~~~~~~^^^^^^
  File "C:\Automacoes\Gerador_Relatorio_Pedidos\gerador_relatorio.py", line 59, in fazer_login
    page.wait_for_selector(SELECTOR_USER)
    ~~~~~~~~~~~~~~~~~~~~~~^^^^^^^^^^^^^^^
  File "C:\Program Files\Python314\Lib\site-packages\playwright\sync_api\_generated.py", line 8217, in wait_for_selector
    self._sync(
    ~~~~~~~~~~^
        self._impl_obj.wait_for_selector(
        ^^^^^^^^^^^^^^^^^^^^^^^^^^^^^^^^^
            selector=selector, timeout=timeout, state=state, strict=strict
            ^^^^^^^^^^^^^^^^^^^^^^^^^^^^^^^^^^^^^^^^^^^^^^^^^^^^^^^^^^^^^^
        )
        ^
    )
    ^
  File "C:\Program Files\Python314\Lib\site-packages\playwright\_impl\_sync_base.py", line 115, in _sync
    return task.result()
           ~~~~~~~~~~~^^
  File "C:\Program Files\Python314\Lib\site-packages\playwright\_impl\_page.py", line 419, in wait_for_selector
    return await self._main_frame.wait_for_selector(**locals_to_params(locals()))
           ^^^^^^^^^^^^^^^^^^^^^^^^^^^^^^^^^^^^^^^^^^^^^^^^^^^^^^^^^^^^^^^^^^^^^^
  File "C:\Program Files\Python314\Lib\site-packages\playwright\_impl\_frame.py", line 369, in wait_for_selector
    await self._channel.send(
        "waitForSelector", self._timeout, locals_to_params(locals())
    )
  File "C:\Program Files\Python314\Lib\site-packages\playwright\_impl\_connection.py", line 69, in send
    return await self._connection.wrap_api_call(
           ^^^^^^^^^^^^^^^^^^^^^^^^^^^^^^^^^^^^^
    ...<3 lines>...
    )
    ^
  File "C:\Program Files\Python314\Lib\site-packages\playwright\_impl\_connection.py", line 559, in wrap_api_call
    raise rewrite_error(error, f"{parsed_st['apiName']}: {error}") from None
playwright._impl._errors.TimeoutError: Page.wait_for_selector: Timeout 30000ms exceeded.
Call log:
  - waiting for locator("input[placeholder=\"Usuário\"]") to be visible

2026-07-07 16:07:02,005 [INFO] __main__: ===== Início da execução =====
2026-07-07 16:07:02,006 [INFO] __main__: Período definido: 07062026 até 08072026
2026-07-07 16:07:02,006 [DEBUG] asyncio: Using proactor: IocpProactor
2026-07-07 16:07:13,112 [DEBUG] __main__: Iniciando browser Chromium (headless=True)
2026-07-07 16:07:17,211 [INFO] __main__: Realizando login no CSW...
2026-07-07 16:07:17,214 [DEBUG] gerador_relatorio: Navegando para https://10.1.1.220/
2026-07-07 16:07:21,781 [DEBUG] gerador_relatorio: Aguardando campo de usuário...
2026-07-07 16:07:30,719 [DEBUG] gerador_relatorio: Aguardando campo de senha...
2026-07-07 16:07:30,855 [DEBUG] gerador_relatorio: Aguardando botão de login habilitar...
2026-07-07 16:07:30,921 [DEBUG] gerador_relatorio: Botão de login clicado, aguardando carregamento...
2026-07-07 16:07:30,943 [INFO] gerador_relatorio: Login realizado com sucesso.
2026-07-07 16:07:30,943 [INFO] __main__: Login concluído.
2026-07-07 16:07:30,943 [INFO] __main__: Interagindo com rotina GCFEPVC600...
2026-07-07 16:07:30,944 [INFO] gerador_relatorio: Início de interação com CSW (rotina=GCFEPVC600)
2026-07-07 16:07:32,006 [DEBUG] gerador_relatorio: Clicando no item da barra lateral...
2026-07-07 16:07:37,304 [DEBUG] gerador_relatorio: Digitando código da rotina: GCFEPVC600
2026-07-07 16:07:41,439 [DEBUG] gerador_relatorio: Digitando data inicial: 07062026
2026-07-07 16:07:42,492 [DEBUG] gerador_relatorio: Digitando data final: 08072026
2026-07-07 16:07:47,597 [DEBUG] gerador_relatorio: Aguardando 20s pelo carregamento do relatório...
2026-07-07 16:08:07,599 [DEBUG] gerador_relatorio: Aguardando botão de exportação habilitado...
2026-07-07 16:08:12,063 [DEBUG] gerador_relatorio: Abrindo menu de exportação...
2026-07-07 16:08:12,620 [DEBUG] gerador_relatorio: Clicando em 'Exportar em Excel' e aguardando download...
2026-07-07 16:08:15,881 [INFO] gerador_relatorio: Download salvo em: C:\Automacoes\Gerador_Relatorio_Pedidos\reports\Pedidos 07062026 ate 08072026.xlsx
2026-07-07 16:08:15,881 [INFO] __main__: Arquivo gerado: Pedidos 07062026 ate 08072026
2026-07-07 16:08:16,132 [DEBUG] __main__: Browser encerrado.
2026-07-07 16:08:16,162 [INFO] __main__: Enviando e-mail via Power Automate...
2026-07-07 16:08:16,163 [DEBUG] notificador: Caminho do arquivo a anexar: C:\Automacoes\Gerador_Relatorio_Pedidos\reports\Pedidos 07062026 ate 08072026.xlsx
2026-07-07 16:08:16,164 [DEBUG] notificador: Tamanho do arquivo: 522715 bytes
2026-07-07 16:08:16,187 [INFO] notificador: Chamando fluxo do Power Automate (Pedidos 07062026 ate 08072026.xlsx)...
2026-07-07 16:08:16,196 [DEBUG] urllib3.connectionpool: Starting new HTTPS connection (1): defaultb7f3605f39a14aabb5439a95209807.57.environment.api.powerplatform.com:443
2026-07-07 16:08:17,577 [DEBUG] urllib3.connectionpool: https://defaultb7f3605f39a14aabb5439a95209807.57.environment.api.powerplatform.com:443 "POST /powerautomate/automations/direct/workflows/31ecaf4e17bc4e03a8b0de2167232188/triggers/manual/paths/invoke?api-version=1&sp=%2Ftriggers%2Fmanual%2Frun&sv=1.0&sig=xYB4HKq2K6xcOhKpIoua03ju_QmKNGwHI0RWY72Jki8 HTTP/1.1" 202 0
2026-07-07 16:08:17,579 [DEBUG] notificador: Status HTTP retornado pelo Power Automate: 202
2026-07-07 16:08:17,579 [DEBUG] notificador: Corpo da resposta: 
2026-07-07 16:08:17,579 [INFO] notificador: E-mail solicitado ao Power Automate com sucesso.
2026-07-07 16:08:17,581 [INFO] __main__: E-mail enviado com sucesso.
2026-07-07 16:08:17,582 [INFO] __main__: ===== Fim da execução =====
2026-07-08 15:10:01,497 [INFO] __main__: ===== Início da execução =====
2026-07-08 15:10:01,498 [INFO] __main__: Período definido: 08062026 até 09072026
2026-07-08 15:10:01,498 [DEBUG] asyncio: Using proactor: IocpProactor
2026-07-08 15:10:02,798 [DEBUG] __main__: Iniciando browser Chromium (headless=True)
2026-07-08 15:10:06,911 [INFO] __main__: Realizando login no CSW...
2026-07-08 15:10:06,914 [DEBUG] gerador_relatorio: Navegando para https://10.1.1.220/
2026-07-08 15:10:11,308 [DEBUG] gerador_relatorio: Aguardando campo de usuário...
2026-07-08 15:10:21,317 [DEBUG] gerador_relatorio: Aguardando campo de senha...
2026-07-08 15:10:21,426 [DEBUG] gerador_relatorio: Aguardando botão de login habilitar...
2026-07-08 15:10:21,491 [DEBUG] gerador_relatorio: Botão de login clicado, aguardando carregamento...
2026-07-08 15:10:21,493 [INFO] gerador_relatorio: Login realizado com sucesso.
2026-07-08 15:10:21,494 [INFO] __main__: Login concluído.
2026-07-08 15:10:21,494 [INFO] __main__: Interagindo com rotina GCFEPVC600...
2026-07-08 15:10:21,494 [INFO] gerador_relatorio: Início de interação com CSW (rotina=GCFEPVC600)
2026-07-08 15:10:22,545 [DEBUG] gerador_relatorio: Clicando no item da barra lateral...
2026-07-08 15:10:27,726 [DEBUG] gerador_relatorio: Digitando código da rotina: GCFEPVC600
2026-07-08 15:10:31,902 [DEBUG] gerador_relatorio: Digitando data inicial: 08062026
2026-07-08 15:10:32,958 [DEBUG] gerador_relatorio: Digitando data final: 09072026
2026-07-08 15:10:38,070 [DEBUG] gerador_relatorio: Aguardando 20s pelo carregamento do relatório...
2026-07-08 15:10:58,071 [DEBUG] gerador_relatorio: Aguardando botão de exportação habilitado...
2026-07-08 15:11:03,585 [DEBUG] gerador_relatorio: Abrindo menu de exportação...
2026-07-08 15:11:04,192 [DEBUG] gerador_relatorio: Clicando em 'Exportar em Excel' e aguardando download...
2026-07-08 15:11:06,653 [INFO] gerador_relatorio: Download salvo em: C:\Automacoes\Gerador_Relatorio_Pedidos\reports\Pedidos 08062026 ate 09072026.xlsx
2026-07-08 15:11:06,654 [INFO] __main__: Arquivo gerado: Pedidos 08062026 ate 09072026
2026-07-08 15:11:06,878 [DEBUG] __main__: Browser encerrado.
2026-07-08 15:11:06,908 [INFO] __main__: Enviando e-mail via Power Automate...
2026-07-08 15:11:06,909 [DEBUG] notificador: Caminho do arquivo a anexar: C:\Automacoes\Gerador_Relatorio_Pedidos\reports\Pedidos 08062026 ate 09072026.xlsx
2026-07-08 15:11:06,909 [DEBUG] notificador: Tamanho do arquivo: 550003 bytes
2026-07-08 15:11:06,936 [INFO] notificador: Chamando fluxo do Power Automate (Pedidos 08062026 ate 09072026.xlsx)...
2026-07-08 15:11:06,943 [DEBUG] urllib3.connectionpool: Starting new HTTPS connection (1): defaultb7f3605f39a14aabb5439a95209807.57.environment.api.powerplatform.com:443
2026-07-08 15:11:08,153 [DEBUG] urllib3.connectionpool: https://defaultb7f3605f39a14aabb5439a95209807.57.environment.api.powerplatform.com:443 "POST /powerautomate/automations/direct/workflows/31ecaf4e17bc4e03a8b0de2167232188/triggers/manual/paths/invoke?api-version=1&sp=%2Ftriggers%2Fmanual%2Frun&sv=1.0&sig=xYB4HKq2K6xcOhKpIoua03ju_QmKNGwHI0RWY72Jki8 HTTP/1.1" 202 0
2026-07-08 15:11:08,154 [DEBUG] notificador: Status HTTP retornado pelo Power Automate: 202
2026-07-08 15:11:08,154 [DEBUG] notificador: Corpo da resposta: 
2026-07-08 15:11:08,154 [INFO] notificador: E-mail solicitado ao Power Automate com sucesso.
2026-07-08 15:11:08,157 [INFO] __main__: E-mail enviado com sucesso.
2026-07-08 15:11:08,157 [INFO] __main__: ===== Fim da execução =====
2026-07-09 15:10:01,672 [INFO] __main__: ===== Início da execução =====
2026-07-09 15:10:01,672 [INFO] __main__: Período definido: 09062026 até 10072026
2026-07-09 15:10:01,673 [DEBUG] asyncio: Using proactor: IocpProactor
2026-07-09 15:10:03,477 [DEBUG] __main__: Iniciando browser Chromium (headless=True)
2026-07-09 15:10:08,007 [INFO] __main__: Realizando login no CSW...
2026-07-09 15:10:08,008 [DEBUG] gerador_relatorio: Navegando para https://10.1.1.220/
2026-07-09 15:10:12,470 [DEBUG] gerador_relatorio: Aguardando campo de usuário...
2026-07-09 15:10:22,792 [DEBUG] gerador_relatorio: Aguardando campo de senha...
2026-07-09 15:10:22,937 [DEBUG] gerador_relatorio: Aguardando botão de login habilitar...
2026-07-09 15:10:22,999 [DEBUG] gerador_relatorio: Botão de login clicado, aguardando carregamento...
2026-07-09 15:10:23,023 [INFO] gerador_relatorio: Login realizado com sucesso.
2026-07-09 15:10:23,024 [INFO] __main__: Login concluído.
2026-07-09 15:10:23,024 [INFO] __main__: Interagindo com rotina GCFEPVC600...
2026-07-09 15:10:23,024 [INFO] gerador_relatorio: Início de interação com CSW (rotina=GCFEPVC600)
2026-07-09 15:10:24,103 [DEBUG] gerador_relatorio: Clicando no item da barra lateral...
2026-07-09 15:10:29,631 [DEBUG] gerador_relatorio: Digitando código da rotina: GCFEPVC600
2026-07-09 15:10:33,763 [DEBUG] gerador_relatorio: Digitando data inicial: 09062026
2026-07-09 15:10:34,822 [DEBUG] gerador_relatorio: Digitando data final: 10072026
2026-07-09 15:10:39,947 [DEBUG] gerador_relatorio: Aguardando 20s pelo carregamento do relatório...
2026-07-09 15:10:59,948 [DEBUG] gerador_relatorio: Aguardando botão de exportação habilitado...
2026-07-09 15:11:06,010 [DEBUG] gerador_relatorio: Abrindo menu de exportação...
2026-07-09 15:11:06,661 [DEBUG] gerador_relatorio: Clicando em 'Exportar em Excel' e aguardando download...
2026-07-09 15:11:09,117 [INFO] gerador_relatorio: Download salvo em: C:\Automacoes\Gerador_Relatorio_Pedidos\reports\Pedidos 09062026 ate 10072026.xlsx
2026-07-09 15:11:09,118 [INFO] __main__: Arquivo gerado: Pedidos 09062026 ate 10072026
2026-07-09 15:11:09,349 [DEBUG] __main__: Browser encerrado.
2026-07-09 15:11:09,379 [INFO] __main__: Enviando e-mail via Power Automate...
2026-07-09 15:11:09,380 [DEBUG] notificador: Caminho do arquivo a anexar: C:\Automacoes\Gerador_Relatorio_Pedidos\reports\Pedidos 09062026 ate 10072026.xlsx
2026-07-09 15:11:09,381 [DEBUG] notificador: Tamanho do arquivo: 556145 bytes
2026-07-09 15:11:09,405 [INFO] notificador: Chamando fluxo do Power Automate (Pedidos 09062026 ate 10072026.xlsx)...
2026-07-09 15:11:09,414 [DEBUG] urllib3.connectionpool: Starting new HTTPS connection (1): defaultb7f3605f39a14aabb5439a95209807.57.environment.api.powerplatform.com:443
2026-07-09 15:11:10,882 [DEBUG] urllib3.connectionpool: https://defaultb7f3605f39a14aabb5439a95209807.57.environment.api.powerplatform.com:443 "POST /powerautomate/automations/direct/workflows/31ecaf4e17bc4e03a8b0de2167232188/triggers/manual/paths/invoke?api-version=1&sp=%2Ftriggers%2Fmanual%2Frun&sv=1.0&sig=xYB4HKq2K6xcOhKpIoua03ju_QmKNGwHI0RWY72Jki8 HTTP/1.1" 202 0
2026-07-09 15:11:10,883 [DEBUG] notificador: Status HTTP retornado pelo Power Automate: 202
2026-07-09 15:11:10,883 [DEBUG] notificador: Corpo da resposta: 
2026-07-09 15:11:10,884 [INFO] notificador: E-mail solicitado ao Power Automate com sucesso.
2026-07-09 15:11:10,886 [INFO] __main__: E-mail enviado com sucesso.
2026-07-09 15:11:10,886 [INFO] __main__: ===== Fim da execução =====
2026-07-10 15:10:01,520 [INFO] __main__: ===== Início da execução =====
2026-07-10 15:10:01,521 [INFO] __main__: Período definido: 10062026 até 11072026
2026-07-10 15:10:01,521 [DEBUG] asyncio: Using proactor: IocpProactor
2026-07-10 15:10:02,913 [DEBUG] __main__: Iniciando browser Chromium (headless=True)
2026-07-10 15:10:07,464 [INFO] __main__: Realizando login no CSW...
2026-07-10 15:10:07,479 [DEBUG] gerador_relatorio: Navegando para https://10.1.1.220/
2026-07-10 15:10:12,267 [DEBUG] gerador_relatorio: Aguardando campo de usuário...
2026-07-10 15:10:22,210 [DEBUG] gerador_relatorio: Aguardando campo de senha...
2026-07-10 15:10:22,320 [DEBUG] gerador_relatorio: Aguardando botão de login habilitar...
2026-07-10 15:10:22,394 [DEBUG] gerador_relatorio: Botão de login clicado, aguardando carregamento...
2026-07-10 15:10:22,423 [INFO] gerador_relatorio: Login realizado com sucesso.
2026-07-10 15:10:22,423 [INFO] __main__: Login concluído.
2026-07-10 15:10:22,423 [INFO] __main__: Interagindo com rotina GCFEPVC600...
2026-07-10 15:10:22,424 [INFO] gerador_relatorio: Início de interação com CSW (rotina=GCFEPVC600)
2026-07-10 15:10:23,480 [DEBUG] gerador_relatorio: Clicando no item da barra lateral...
2026-07-10 15:10:28,786 [DEBUG] gerador_relatorio: Digitando código da rotina: GCFEPVC600
2026-07-10 15:10:32,924 [DEBUG] gerador_relatorio: Digitando data inicial: 10062026
2026-07-10 15:10:33,981 [DEBUG] gerador_relatorio: Digitando data final: 11072026
2026-07-10 15:10:39,082 [DEBUG] gerador_relatorio: Aguardando 20s pelo carregamento do relatório...
2026-07-10 15:10:59,083 [DEBUG] gerador_relatorio: Aguardando botão de exportação habilitado...
2026-07-10 15:11:04,599 [DEBUG] gerador_relatorio: Abrindo menu de exportação...
2026-07-10 15:11:05,238 [DEBUG] gerador_relatorio: Clicando em 'Exportar em Excel' e aguardando download...
2026-07-10 15:11:09,710 [INFO] gerador_relatorio: Download salvo em: C:\Automacoes\Gerador_Relatorio_Pedidos\reports\Pedidos 10062026 ate 11072026.xlsx
2026-07-10 15:11:09,711 [INFO] __main__: Arquivo gerado: Pedidos 10062026 ate 11072026
2026-07-10 15:11:09,955 [DEBUG] __main__: Browser encerrado.
2026-07-10 15:11:09,987 [INFO] __main__: Enviando e-mail via Power Automate...
2026-07-10 15:11:09,988 [DEBUG] notificador: Caminho do arquivo a anexar: C:\Automacoes\Gerador_Relatorio_Pedidos\reports\Pedidos 10062026 ate 11072026.xlsx
2026-07-10 15:11:09,989 [DEBUG] notificador: Tamanho do arquivo: 527187 bytes
2026-07-10 15:11:10,016 [INFO] notificador: Chamando fluxo do Power Automate (Pedidos 10062026 ate 11072026.xlsx)...
2026-07-10 15:11:10,023 [DEBUG] urllib3.connectionpool: Starting new HTTPS connection (1): defaultb7f3605f39a14aabb5439a95209807.57.environment.api.powerplatform.com:443
2026-07-10 15:11:11,244 [DEBUG] urllib3.connectionpool: https://defaultb7f3605f39a14aabb5439a95209807.57.environment.api.powerplatform.com:443 "POST /powerautomate/automations/direct/workflows/31ecaf4e17bc4e03a8b0de2167232188/triggers/manual/paths/invoke?api-version=1&sp=%2Ftriggers%2Fmanual%2Frun&sv=1.0&sig=xYB4HKq2K6xcOhKpIoua03ju_QmKNGwHI0RWY72Jki8 HTTP/1.1" 202 0
2026-07-10 15:11:11,245 [DEBUG] notificador: Status HTTP retornado pelo Power Automate: 202
2026-07-10 15:11:11,245 [DEBUG] notificador: Corpo da resposta: 
2026-07-10 15:11:11,245 [INFO] notificador: E-mail solicitado ao Power Automate com sucesso.
2026-07-10 15:11:11,248 [INFO] __main__: E-mail enviado com sucesso.
2026-07-10 15:11:11,248 [INFO] __main__: ===== Fim da execução =====
2026-07-13 15:10:01,831 [INFO] __main__: ===== Início da execução =====
2026-07-13 15:10:01,837 [INFO] __main__: Período definido: 13062026 até 14072026
2026-07-13 15:10:01,838 [DEBUG] asyncio: Using proactor: IocpProactor
2026-07-13 15:10:03,364 [DEBUG] __main__: Iniciando browser Chromium (headless=True)
2026-07-13 15:10:09,461 [INFO] __main__: Realizando login no CSW...
2026-07-13 15:10:09,464 [DEBUG] gerador_relatorio: Navegando para https://10.1.1.220/
2026-07-13 15:10:14,159 [DEBUG] gerador_relatorio: Aguardando campo de usuário...
2026-07-13 15:10:22,964 [DEBUG] gerador_relatorio: Aguardando campo de senha...
2026-07-13 15:10:23,088 [DEBUG] gerador_relatorio: Aguardando botão de login habilitar...
2026-07-13 15:10:23,151 [DEBUG] gerador_relatorio: Botão de login clicado, aguardando carregamento...
2026-07-13 15:10:23,183 [INFO] gerador_relatorio: Login realizado com sucesso.
2026-07-13 15:10:23,183 [INFO] __main__: Login concluído.
2026-07-13 15:10:23,183 [INFO] __main__: Interagindo com rotina GCFEPVC600...
2026-07-13 15:10:23,183 [INFO] gerador_relatorio: Início de interação com CSW (rotina=GCFEPVC600)
2026-07-13 15:10:24,238 [DEBUG] gerador_relatorio: Clicando no item da barra lateral...
2026-07-13 15:10:30,568 [DEBUG] gerador_relatorio: Digitando código da rotina: GCFEPVC600
2026-07-13 15:10:34,708 [DEBUG] gerador_relatorio: Digitando data inicial: 13062026
2026-07-13 15:10:39,266 [DEBUG] gerador_relatorio: Digitando data final: 14072026
2026-07-13 15:10:48,303 [DEBUG] gerador_relatorio: Aguardando 20s pelo carregamento do relatório...
2026-07-13 15:11:08,304 [DEBUG] gerador_relatorio: Aguardando botão de exportação habilitado...
2026-07-13 15:11:12,251 [DEBUG] gerador_relatorio: Abrindo menu de exportação...
2026-07-13 15:11:12,808 [DEBUG] gerador_relatorio: Clicando em 'Exportar em Excel' e aguardando download...
2026-07-13 15:11:16,059 [INFO] gerador_relatorio: Download salvo em: C:\Automacoes\Gerador_Relatorio_Pedidos\reports\Pedidos 13062026 ate 14072026.xlsx
2026-07-13 15:11:16,059 [INFO] __main__: Arquivo gerado: Pedidos 13062026 ate 14072026
2026-07-13 15:11:16,322 [DEBUG] __main__: Browser encerrado.
2026-07-13 15:11:16,352 [INFO] __main__: Enviando e-mail via Power Automate...
2026-07-13 15:11:16,353 [DEBUG] notificador: Caminho do arquivo a anexar: C:\Automacoes\Gerador_Relatorio_Pedidos\reports\Pedidos 13062026 ate 14072026.xlsx
2026-07-13 15:11:16,354 [DEBUG] notificador: Tamanho do arquivo: 506482 bytes
2026-07-13 15:11:16,385 [INFO] notificador: Chamando fluxo do Power Automate (Pedidos 13062026 ate 14072026.xlsx)...
2026-07-13 15:11:16,394 [DEBUG] urllib3.connectionpool: Starting new HTTPS connection (1): defaultb7f3605f39a14aabb5439a95209807.57.environment.api.powerplatform.com:443
2026-07-13 15:11:17,769 [DEBUG] urllib3.connectionpool: https://defaultb7f3605f39a14aabb5439a95209807.57.environment.api.powerplatform.com:443 "POST /powerautomate/automations/direct/workflows/31ecaf4e17bc4e03a8b0de2167232188/triggers/manual/paths/invoke?api-version=1&sp=%2Ftriggers%2Fmanual%2Frun&sv=1.0&sig=xYB4HKq2K6xcOhKpIoua03ju_QmKNGwHI0RWY72Jki8 HTTP/1.1" 202 0
2026-07-13 15:11:17,770 [DEBUG] notificador: Status HTTP retornado pelo Power Automate: 202
2026-07-13 15:11:17,771 [DEBUG] notificador: Corpo da resposta: 
2026-07-13 15:11:17,771 [INFO] notificador: E-mail solicitado ao Power Automate com sucesso.
2026-07-13 15:11:17,775 [INFO] __main__: E-mail enviado com sucesso.
2026-07-13 15:11:17,775 [INFO] __main__: ===== Fim da execução =====
2026-07-14 15:10:01,518 [INFO] __main__: ===== Início da execução =====
2026-07-14 15:10:01,518 [INFO] __main__: Período definido: 14062026 até 15072026
2026-07-14 15:10:01,519 [DEBUG] asyncio: Using proactor: IocpProactor
2026-07-14 15:10:02,925 [DEBUG] __main__: Iniciando browser Chromium (headless=True)
2026-07-14 15:10:08,274 [INFO] __main__: Realizando login no CSW...
2026-07-14 15:10:08,276 [DEBUG] gerador_relatorio: Navegando para https://10.1.1.220/
2026-07-14 15:10:27,206 [DEBUG] gerador_relatorio: Aguardando campo de usuário...
2026-07-14 15:10:35,272 [DEBUG] gerador_relatorio: Aguardando campo de senha...
2026-07-14 15:10:35,416 [DEBUG] gerador_relatorio: Aguardando botão de login habilitar...
2026-07-14 15:10:35,477 [DEBUG] gerador_relatorio: Botão de login clicado, aguardando carregamento...
2026-07-14 15:10:35,502 [INFO] gerador_relatorio: Login realizado com sucesso.
2026-07-14 15:10:35,503 [INFO] __main__: Login concluído.
2026-07-14 15:10:35,503 [INFO] __main__: Interagindo com rotina GCFEPVC600...
2026-07-14 15:10:35,504 [INFO] gerador_relatorio: Início de interação com CSW (rotina=GCFEPVC600)
2026-07-14 15:10:36,549 [DEBUG] gerador_relatorio: Clicando no item da barra lateral...
2026-07-14 15:10:42,160 [DEBUG] gerador_relatorio: Digitando código da rotina: GCFEPVC600
2026-07-14 15:10:46,290 [DEBUG] gerador_relatorio: Digitando data inicial: 14062026
2026-07-14 15:10:47,348 [DEBUG] gerador_relatorio: Digitando data final: 15072026
2026-07-14 15:10:52,481 [DEBUG] gerador_relatorio: Aguardando 20s pelo carregamento do relatório...
2026-07-14 15:11:12,482 [DEBUG] gerador_relatorio: Aguardando botão de exportação habilitado...
2026-07-14 15:11:15,919 [DEBUG] gerador_relatorio: Abrindo menu de exportação...
2026-07-14 15:11:16,497 [DEBUG] gerador_relatorio: Clicando em 'Exportar em Excel' e aguardando download...
2026-07-14 15:11:18,841 [INFO] gerador_relatorio: Download salvo em: C:\Automacoes\Gerador_Relatorio_Pedidos\reports\Pedidos 14062026 ate 15072026.xlsx
2026-07-14 15:11:18,842 [INFO] __main__: Arquivo gerado: Pedidos 14062026 ate 15072026
2026-07-14 15:11:19,069 [DEBUG] __main__: Browser encerrado.
2026-07-14 15:11:19,098 [INFO] __main__: Enviando e-mail via Power Automate...
2026-07-14 15:11:19,099 [DEBUG] notificador: Caminho do arquivo a anexar: C:\Automacoes\Gerador_Relatorio_Pedidos\reports\Pedidos 14062026 ate 15072026.xlsx
2026-07-14 15:11:19,099 [DEBUG] notificador: Tamanho do arquivo: 526203 bytes
2026-07-14 15:11:19,125 [INFO] notificador: Chamando fluxo do Power Automate (Pedidos 14062026 ate 15072026.xlsx)...
2026-07-14 15:11:19,132 [DEBUG] urllib3.connectionpool: Starting new HTTPS connection (1): defaultb7f3605f39a14aabb5439a95209807.57.environment.api.powerplatform.com:443
2026-07-14 15:11:20,171 [DEBUG] urllib3.connectionpool: https://defaultb7f3605f39a14aabb5439a95209807.57.environment.api.powerplatform.com:443 "POST /powerautomate/automations/direct/workflows/31ecaf4e17bc4e03a8b0de2167232188/triggers/manual/paths/invoke?api-version=1&sp=%2Ftriggers%2Fmanual%2Frun&sv=1.0&sig=xYB4HKq2K6xcOhKpIoua03ju_QmKNGwHI0RWY72Jki8 HTTP/1.1" 202 0
2026-07-14 15:11:20,172 [DEBUG] notificador: Status HTTP retornado pelo Power Automate: 202
2026-07-14 15:11:20,172 [DEBUG] notificador: Corpo da resposta: 
2026-07-14 15:11:20,172 [INFO] notificador: E-mail solicitado ao Power Automate com sucesso.
2026-07-14 15:11:20,175 [INFO] __main__: E-mail enviado com sucesso.
2026-07-14 15:11:20,175 [INFO] __main__: ===== Fim da execução =====
2026-07-15 15:10:01,727 [INFO] __main__: ===== Início da execução =====
2026-07-15 15:10:01,728 [INFO] __main__: Período definido: 15062026 até 16072026
2026-07-15 15:10:01,728 [DEBUG] asyncio: Using proactor: IocpProactor
2026-07-15 15:10:02,872 [DEBUG] __main__: Iniciando browser Chromium (headless=True)
2026-07-15 15:10:07,355 [INFO] __main__: Realizando login no CSW...
2026-07-15 15:10:07,357 [DEBUG] gerador_relatorio: Navegando para https://10.1.1.220/
2026-07-15 15:10:11,559 [DEBUG] gerador_relatorio: Aguardando campo de usuário...
2026-07-15 15:10:19,124 [DEBUG] gerador_relatorio: Aguardando campo de senha...
2026-07-15 15:10:19,238 [DEBUG] gerador_relatorio: Aguardando botão de login habilitar...
2026-07-15 15:10:19,301 [DEBUG] gerador_relatorio: Botão de login clicado, aguardando carregamento...
2026-07-15 15:10:19,304 [INFO] gerador_relatorio: Login realizado com sucesso.
2026-07-15 15:10:19,304 [INFO] __main__: Login concluído.
2026-07-15 15:10:19,304 [INFO] __main__: Interagindo com rotina GCFEPVC600...
2026-07-15 15:10:19,304 [INFO] gerador_relatorio: Início de interação com CSW (rotina=GCFEPVC600)
2026-07-15 15:10:20,374 [DEBUG] gerador_relatorio: Clicando no item da barra lateral...
2026-07-15 15:10:25,555 [DEBUG] gerador_relatorio: Digitando código da rotina: GCFEPVC600
2026-07-15 15:10:29,717 [DEBUG] gerador_relatorio: Digitando data inicial: 15062026
2026-07-15 15:10:30,779 [DEBUG] gerador_relatorio: Digitando data final: 16072026
2026-07-15 15:10:35,883 [DEBUG] gerador_relatorio: Aguardando 20s pelo carregamento do relatório...
2026-07-15 15:10:55,883 [DEBUG] gerador_relatorio: Aguardando botão de exportação habilitado...
2026-07-15 15:11:00,861 [DEBUG] gerador_relatorio: Abrindo menu de exportação...
2026-07-15 15:11:01,483 [DEBUG] gerador_relatorio: Clicando em 'Exportar em Excel' e aguardando download...
2026-07-15 15:11:04,030 [INFO] gerador_relatorio: Download salvo em: C:\Automacoes\Gerador_Relatorio_Pedidos\reports\Pedidos 15062026 ate 16072026.xlsx
2026-07-15 15:11:04,031 [INFO] __main__: Arquivo gerado: Pedidos 15062026 ate 16072026
2026-07-15 15:11:04,285 [DEBUG] __main__: Browser encerrado.
2026-07-15 15:11:04,311 [INFO] __main__: Enviando e-mail via Power Automate...
2026-07-15 15:11:04,312 [DEBUG] notificador: Caminho do arquivo a anexar: C:\Automacoes\Gerador_Relatorio_Pedidos\reports\Pedidos 15062026 ate 16072026.xlsx
2026-07-15 15:11:04,313 [DEBUG] notificador: Tamanho do arquivo: 543509 bytes
2026-07-15 15:11:04,334 [INFO] notificador: Chamando fluxo do Power Automate (Pedidos 15062026 ate 16072026.xlsx)...
2026-07-15 15:11:04,343 [DEBUG] urllib3.connectionpool: Starting new HTTPS connection (1): defaultb7f3605f39a14aabb5439a95209807.57.environment.api.powerplatform.com:443
2026-07-15 15:11:05,743 [DEBUG] urllib3.connectionpool: https://defaultb7f3605f39a14aabb5439a95209807.57.environment.api.powerplatform.com:443 "POST /powerautomate/automations/direct/workflows/31ecaf4e17bc4e03a8b0de2167232188/triggers/manual/paths/invoke?api-version=1&sp=%2Ftriggers%2Fmanual%2Frun&sv=1.0&sig=xYB4HKq2K6xcOhKpIoua03ju_QmKNGwHI0RWY72Jki8 HTTP/1.1" 202 0
2026-07-15 15:11:05,744 [DEBUG] notificador: Status HTTP retornado pelo Power Automate: 202
2026-07-15 15:11:05,744 [DEBUG] notificador: Corpo da resposta: 
2026-07-15 15:11:05,745 [INFO] notificador: E-mail solicitado ao Power Automate com sucesso.
2026-07-15 15:11:05,747 [INFO] __main__: E-mail enviado com sucesso.
2026-07-15 15:11:05,747 [INFO] __main__: ===== Fim da execução =====
2026-07-16 15:10:01,893 [INFO] __main__: ===== Início da execução =====
2026-07-16 15:10:01,894 [INFO] __main__: Período definido: 16062026 até 17072026
2026-07-16 15:10:01,895 [DEBUG] asyncio: Using proactor: IocpProactor
2026-07-16 15:10:03,142 [DEBUG] __main__: Iniciando browser Chromium (headless=True)
2026-07-16 15:10:05,990 [INFO] __main__: Realizando login no CSW...
2026-07-16 15:10:05,995 [DEBUG] gerador_relatorio: Navegando para https://10.1.1.220/
2026-07-16 15:10:10,400 [DEBUG] gerador_relatorio: Aguardando campo de usuário...
2026-07-16 15:10:19,182 [DEBUG] gerador_relatorio: Aguardando campo de senha...
2026-07-16 15:10:19,310 [DEBUG] gerador_relatorio: Aguardando botão de login habilitar...
2026-07-16 15:10:19,395 [DEBUG] gerador_relatorio: Botão de login clicado, aguardando carregamento...
2026-07-16 15:10:19,424 [INFO] gerador_relatorio: Login realizado com sucesso.
2026-07-16 15:10:19,424 [INFO] __main__: Login concluído.
2026-07-16 15:10:19,425 [INFO] __main__: Interagindo com rotina GCFEPVC600...
2026-07-16 15:10:19,425 [INFO] gerador_relatorio: Início de interação com CSW (rotina=GCFEPVC600)
2026-07-16 15:10:20,484 [DEBUG] gerador_relatorio: Clicando no item da barra lateral...
2026-07-16 15:10:25,001 [DEBUG] gerador_relatorio: Digitando código da rotina: GCFEPVC600
2026-07-16 15:10:29,144 [DEBUG] gerador_relatorio: Digitando data inicial: 16062026
2026-07-16 15:10:30,200 [DEBUG] gerador_relatorio: Digitando data final: 17072026
2026-07-16 15:10:35,369 [DEBUG] gerador_relatorio: Aguardando 20s pelo carregamento do relatório...
2026-07-16 15:10:55,369 [DEBUG] gerador_relatorio: Aguardando botão de exportação habilitado...
2026-07-16 15:10:59,845 [DEBUG] gerador_relatorio: Abrindo menu de exportação...
2026-07-16 15:11:00,416 [DEBUG] gerador_relatorio: Clicando em 'Exportar em Excel' e aguardando download...
2026-07-16 15:11:03,851 [INFO] gerador_relatorio: Download salvo em: C:\Automacoes\Gerador_Relatorio_Pedidos\reports\Pedidos 16062026 ate 17072026.xlsx
2026-07-16 15:11:03,852 [INFO] __main__: Arquivo gerado: Pedidos 16062026 ate 17072026
2026-07-16 15:11:04,074 [DEBUG] __main__: Browser encerrado.
2026-07-16 15:11:04,105 [INFO] __main__: Enviando e-mail via Power Automate...
2026-07-16 15:11:04,106 [DEBUG] notificador: Caminho do arquivo a anexar: C:\Automacoes\Gerador_Relatorio_Pedidos\reports\Pedidos 16062026 ate 17072026.xlsx
2026-07-16 15:11:04,107 [DEBUG] notificador: Tamanho do arquivo: 543212 bytes
2026-07-16 15:11:04,135 [INFO] notificador: Chamando fluxo do Power Automate (Pedidos 16062026 ate 17072026.xlsx)...
2026-07-16 15:11:04,144 [DEBUG] urllib3.connectionpool: Starting new HTTPS connection (1): defaultb7f3605f39a14aabb5439a95209807.57.environment.api.powerplatform.com:443
2026-07-16 15:11:04,967 [DEBUG] urllib3.connectionpool: https://defaultb7f3605f39a14aabb5439a95209807.57.environment.api.powerplatform.com:443 "POST /powerautomate/automations/direct/workflows/31ecaf4e17bc4e03a8b0de2167232188/triggers/manual/paths/invoke?api-version=1&sp=%2Ftriggers%2Fmanual%2Frun&sv=1.0&sig=xYB4HKq2K6xcOhKpIoua03ju_QmKNGwHI0RWY72Jki8 HTTP/1.1" 202 0
2026-07-16 15:11:04,969 [DEBUG] notificador: Status HTTP retornado pelo Power Automate: 202
2026-07-16 15:11:04,969 [DEBUG] notificador: Corpo da resposta: 
2026-07-16 15:11:04,969 [INFO] notificador: E-mail solicitado ao Power Automate com sucesso.
2026-07-16 15:11:04,972 [INFO] __main__: E-mail enviado com sucesso.
2026-07-16 15:11:04,972 [INFO] __main__: ===== Fim da execução =====
2026-07-17 15:10:01,682 [INFO] __main__: ===== Início da execução =====
2026-07-17 15:10:01,683 [INFO] __main__: Período definido: 17062026 até 18072026
2026-07-17 15:10:01,683 [DEBUG] asyncio: Using proactor: IocpProactor
2026-07-17 15:10:02,764 [DEBUG] __main__: Iniciando browser Chromium (headless=True)
2026-07-17 15:10:05,707 [INFO] __main__: Realizando login no CSW...
2026-07-17 15:10:05,708 [DEBUG] gerador_relatorio: Navegando para https://10.1.1.220/
2026-07-17 15:10:12,116 [DEBUG] gerador_relatorio: Aguardando campo de usuário...
2026-07-17 15:10:19,910 [DEBUG] gerador_relatorio: Aguardando campo de senha...
2026-07-17 15:10:20,051 [DEBUG] gerador_relatorio: Aguardando botão de login habilitar...
2026-07-17 15:10:20,113 [DEBUG] gerador_relatorio: Botão de login clicado, aguardando carregamento...
2026-07-17 15:10:20,137 [INFO] gerador_relatorio: Login realizado com sucesso.
2026-07-17 15:10:20,138 [INFO] __main__: Login concluído.
2026-07-17 15:10:20,138 [INFO] __main__: Interagindo com rotina GCFEPVC600...
2026-07-17 15:10:20,138 [INFO] gerador_relatorio: Início de interação com CSW (rotina=GCFEPVC600)
2026-07-17 15:10:21,208 [DEBUG] gerador_relatorio: Clicando no item da barra lateral...
2026-07-17 15:10:25,638 [DEBUG] gerador_relatorio: Digitando código da rotina: GCFEPVC600
2026-07-17 15:10:29,823 [DEBUG] gerador_relatorio: Digitando data inicial: 17062026
2026-07-17 15:10:30,875 [DEBUG] gerador_relatorio: Digitando data final: 18072026
2026-07-17 15:10:35,987 [DEBUG] gerador_relatorio: Aguardando 20s pelo carregamento do relatório...
2026-07-17 15:10:55,989 [DEBUG] gerador_relatorio: Aguardando botão de exportação habilitado...
2026-07-17 15:11:00,437 [DEBUG] gerador_relatorio: Abrindo menu de exportação...
2026-07-17 15:11:01,008 [DEBUG] gerador_relatorio: Clicando em 'Exportar em Excel' e aguardando download...
2026-07-17 15:11:03,267 [INFO] gerador_relatorio: Download salvo em: C:\Automacoes\Gerador_Relatorio_Pedidos\reports\Pedidos 17062026 ate 18072026.xlsx
2026-07-17 15:11:03,268 [INFO] __main__: Arquivo gerado: Pedidos 17062026 ate 18072026
2026-07-17 15:11:03,519 [DEBUG] __main__: Browser encerrado.
2026-07-17 15:11:03,546 [INFO] __main__: Enviando e-mail via Power Automate...
2026-07-17 15:11:03,547 [DEBUG] notificador: Caminho do arquivo a anexar: C:\Automacoes\Gerador_Relatorio_Pedidos\reports\Pedidos 17062026 ate 18072026.xlsx
2026-07-17 15:11:03,547 [DEBUG] notificador: Tamanho do arquivo: 540444 bytes
2026-07-17 15:11:03,570 [INFO] notificador: Chamando fluxo do Power Automate (Pedidos 17062026 ate 18072026.xlsx)...
2026-07-17 15:11:03,577 [DEBUG] urllib3.connectionpool: Starting new HTTPS connection (1): defaultb7f3605f39a14aabb5439a95209807.57.environment.api.powerplatform.com:443
2026-07-17 15:11:04,679 [DEBUG] urllib3.connectionpool: https://defaultb7f3605f39a14aabb5439a95209807.57.environment.api.powerplatform.com:443 "POST /powerautomate/automations/direct/workflows/31ecaf4e17bc4e03a8b0de2167232188/triggers/manual/paths/invoke?api-version=1&sp=%2Ftriggers%2Fmanual%2Frun&sv=1.0&sig=xYB4HKq2K6xcOhKpIoua03ju_QmKNGwHI0RWY72Jki8 HTTP/1.1" 202 0
2026-07-17 15:11:04,680 [DEBUG] notificador: Status HTTP retornado pelo Power Automate: 202
2026-07-17 15:11:04,680 [DEBUG] notificador: Corpo da resposta: 
2026-07-17 15:11:04,681 [INFO] notificador: E-mail solicitado ao Power Automate com sucesso.
2026-07-17 15:11:04,684 [INFO] __main__: E-mail enviado com sucesso.
2026-07-17 15:11:04,684 [INFO] __main__: ===== Fim da execução =====
